2026-09-26 18:40:40,432 INFO Loading completed V7 candidate caches; NO FAISS loading or retrieval
2026-09-26 18:41:01,418 INFO Generating V8 training features from 8000 cached S1 candidates
2026-09-26 18:42:08,923 INFO Training initial V8 XGBoost: 218894 pairs, 26894 positives
2026-09-26 18:42:15,796 INFO Mining hard negatives from cached V7 candidates
2026-09-26 18:42:25,797 INFO Hard-negative mining 60/8000 S1; 780 extra negatives
2026-09-26 18:42:36,978 INFO Hard-negative mining 120/8000 S1; 1560 extra negatives
2026-09-26 18:42:47,319 INFO Hard-negative mining 180/8000 S1; 2340 extra negatives
2026-09-26 18:42:58,534 INFO Hard-negative mining 240/8000 S1; 3120 extra negatives
2026-09-26 18:43:10,861 INFO Hard-negative mining 300/8000 S1; 3900 extra negatives
2026-09-26 18:43:22,066 INFO Hard-negative mining 360/8000 S1; 4680 extra negatives
2026-09-26 18:43:32,180 INFO Hard-negative mining 420/8000 S1; 5460 extra negatives
2026-09-26 18:43:47,910 INFO Hard-negative mining 480/8000 S1; 6240 extra negatives
2026-09-26 18:44:03,004 INFO Hard-negative mining 540/8000 S1; 7020 extra negatives
2026-09-26 18:44:19,249 INFO Hard-negative mining 600/8000 S1; 7800 extra negatives
2026-09-26 18:44:37,465 INFO Hard-negative mining 660/8000 S1; 8580 extra negatives
2026-09-26 18:44:49,507 INFO Hard-negative mining 720/8000 S1; 9360 extra negatives
2026-09-26 18:45:00,302 INFO Hard-negative mining 780/8000 S1; 10140 extra negatives
2026-09-26 18:45:10,715 INFO Hard-negative mining 840/8000 S1; 10920 extra negatives
2026-09-26 18:45:22,033 INFO Hard-negative mining 900/8000 S1; 11700 extra negatives
2026-09-26 18:45:32,512 INFO Hard-negative mining 960/8000 S1; 12480 extra negatives
2026-09-26 18:45:43,255 INFO Hard-negative mining 1020/8000 S1; 13260 extra negatives
2026-09-26 18:45:54,130 INFO Hard-negative mining 1080/8000 S1; 14040 extra negatives
2026-09-26 18:46:04,897 INFO Hard-negative mining 1140/8000 S1; 14820 extra negatives
2026-09-26 18:46:15,511 INFO Hard-negative mining 1200/8000 S1; 15600 extra negatives
2026-09-26 18:46:26,683 INFO Hard-negative mining 1260/8000 S1; 16380 extra negatives
2026-09-26 18:46:36,796 INFO Hard-negative mining 1320/8000 S1; 17160 extra negatives
2026-09-26 18:46:46,975 INFO Hard-negative mining 1380/8000 S1; 17940 extra negatives
2026-09-26 18:46:59,339 INFO Hard-negative mining 1440/8000 S1; 18720 extra negatives
2026-09-26 18:47:11,186 INFO Hard-negative mining 1500/8000 S1; 19500 extra negatives
2026-09-26 18:47:21,239 INFO Hard-negative mining 1560/8000 S1; 20280 extra negatives
2026-09-26 18:47:32,501 INFO Hard-negative mining 1620/8000 S1; 21060 extra negatives
2026-09-26 18:47:43,606 INFO Hard-negative mining 1680/8000 S1; 21840 extra negatives
2026-09-26 18:47:55,026 INFO Hard-negative mining 1740/8000 S1; 22620 extra negatives
2026-09-26 18:48:05,032 INFO Hard-negative mining 1800/8000 S1; 23400 extra negatives
2026-09-26 18:48:15,805 INFO Hard-negative mining 1860/8000 S1; 24180 extra negatives
2026-09-26 18:48:26,260 INFO Hard-negative mining 1920/8000 S1; 24960 extra negatives
2026-09-26 18:48:37,449 INFO Hard-negative mining 1980/8000 S1; 25740 extra negatives
2026-09-26 18:48:47,805 INFO Hard-negative mining 2040/8000 S1; 26520 extra negatives
2026-09-26 18:48:57,691 INFO Hard-negative mining 2100/8000 S1; 27300 extra negatives
2026-09-26 18:49:08,086 INFO Hard-negative mining 2160/8000 S1; 28080 extra negatives
2026-09-26 18:49:18,086 INFO Hard-negative mining 2220/8000 S1; 28860 extra negatives
2026-09-26 18:49:29,599 INFO Hard-negative mining 2280/8000 S1; 29640 extra negatives
2026-09-26 18:49:39,989 INFO Hard-negative mining 2340/8000 S1; 30420 extra negatives
2026-09-26 18:49:51,613 INFO Hard-negative mining 2400/8000 S1; 31200 extra negatives
2026-09-26 18:50:02,218 INFO Hard-negative mining 2460/8000 S1; 31980 extra negatives
2026-09-26 18:50:12,263 INFO Hard-negative mining 2520/8000 S1; 32760 extra negatives
2026-09-26 18:50:22,895 INFO Hard-negative mining 2580/8000 S1; 33540 extra negatives
2026-09-26 18:50:33,564 INFO Hard-negative mining 2640/8000 S1; 34320 extra negatives
2026-09-26 18:50:43,094 INFO Hard-negative mining 2700/8000 S1; 35100 extra negatives
2026-09-26 18:50:52,468 INFO Hard-negative mining 2760/8000 S1; 35880 extra negatives
2026-09-26 18:51:05,290 INFO Hard-negative mining 2820/8000 S1; 36660 extra negatives
2026-09-26 18:51:21,894 INFO Hard-negative mining 2880/8000 S1; 37440 extra negatives
2026-09-26 18:51:38,394 INFO Hard-negative mining 2940/8000 S1; 38220 extra negatives
2026-09-26 18:51:55,471 INFO Hard-negative mining 3000/8000 S1; 39000 extra negatives
2026-09-26 18:52:12,707 INFO Hard-negative mining 3060/8000 S1; 39780 extra negatives
2026-09-26 18:52:30,053 INFO Hard-negative mining 3120/8000 S1; 40560 extra negatives
2026-09-26 18:52:38,146 INFO Hard-negative mining 3180/8000 S1; 41340 extra negatives
2026-09-26 18:52:45,169 INFO Hard-negative mining 3240/8000 S1; 42120 extra negatives
2026-09-26 18:52:51,785 INFO Hard-negative mining 3300/8000 S1; 42900 extra negatives
2026-09-26 18:52:58,510 INFO Hard-negative mining 3360/8000 S1; 43680 extra negatives
2026-09-26 18:53:05,201 INFO Hard-negative mining 3420/8000 S1; 44460 extra negatives
2026-09-26 18:53:12,294 INFO Hard-negative mining 3480/8000 S1; 45240 extra negatives
2026-09-26 18:53:19,004 INFO Hard-negative mining 3540/8000 S1; 46020 extra negatives
2026-09-26 18:53:26,105 INFO Hard-negative mining 3600/8000 S1; 46800 extra negatives
2026-09-26 18:53:33,435 INFO Hard-negative mining 3660/8000 S1; 47580 extra negatives
2026-09-26 18:53:40,470 INFO Hard-negative mining 3720/8000 S1; 48360 extra negatives
2026-09-26 18:53:47,257 INFO Hard-negative mining 3780/8000 S1; 49140 extra negatives
2026-09-26 18:53:54,674 INFO Hard-negative mining 3840/8000 S1; 49920 extra negatives
2026-09-26 18:54:01,042 INFO Hard-negative mining 3900/8000 S1; 50700 extra negatives
2026-09-26 18:54:08,199 INFO Hard-negative mining 3960/8000 S1; 51480 extra negatives
2026-09-26 18:54:15,114 INFO Hard-negative mining 4020/8000 S1; 52260 extra negatives
2026-09-26 18:54:22,001 INFO Hard-negative mining 4080/8000 S1; 53040 extra negatives
2026-09-26 18:54:28,612 INFO Hard-negative mining 4140/8000 S1; 53820 extra negatives
2026-09-26 18:54:35,743 INFO Hard-negative mining 4200/8000 S1; 54600 extra negatives
2026-09-26 18:54:43,389 INFO Hard-negative mining 4260/8000 S1; 55380 extra negatives
2026-09-26 18:54:50,072 INFO Hard-negative mining 4320/8000 S1; 56160 extra negatives
2026-09-26 18:54:57,020 INFO Hard-negative mining 4380/8000 S1; 56940 extra negatives
2026-09-26 18:55:03,969 INFO Hard-negative mining 4440/8000 S1; 57720 extra negatives
2026-09-26 18:55:11,570 INFO Hard-negative mining 4500/8000 S1; 58500 extra negatives
2026-09-26 18:55:18,756 INFO Hard-negative mining 4560/8000 S1; 59280 extra negatives
2026-09-26 18:55:26,006 INFO Hard-negative mining 4620/8000 S1; 60060 extra negatives
2026-09-26 18:55:32,846 INFO Hard-negative mining 4680/8000 S1; 60840 extra negatives
2026-09-26 18:55:39,420 INFO Hard-negative mining 4740/8000 S1; 61620 extra negatives
2026-09-26 18:55:46,475 INFO Hard-negative mining 4800/8000 S1; 62400 extra negatives
2026-09-26 18:55:53,505 INFO Hard-negative mining 4860/8000 S1; 63180 extra negatives
2026-09-26 18:56:00,381 INFO Hard-negative mining 4920/8000 S1; 63960 extra negatives
2026-09-26 18:56:07,669 INFO Hard-negative mining 4980/8000 S1; 64740 extra negatives
2026-09-26 18:56:14,175 INFO Hard-negative mining 5040/8000 S1; 65520 extra negatives
2026-09-26 18:56:21,661 INFO Hard-negative mining 5100/8000 S1; 66300 extra negatives
2026-09-26 18:56:28,567 INFO Hard-negative mining 5160/8000 S1; 67080 extra negatives
2026-09-26 18:56:36,224 INFO Hard-negative mining 5220/8000 S1; 67860 extra negatives
2026-09-26 18:56:43,069 INFO Hard-negative mining 5280/8000 S1; 68640 extra negatives
2026-09-26 18:56:50,665 INFO Hard-negative mining 5340/8000 S1; 69420 extra negatives
2026-09-26 18:56:57,538 INFO Hard-negative mining 5400/8000 S1; 70200 extra negatives
2026-09-26 18:57:04,455 INFO Hard-negative mining 5460/8000 S1; 70980 extra negatives
2026-09-26 18:57:11,258 INFO Hard-negative mining 5520/8000 S1; 71760 extra negatives
2026-09-26 18:57:18,215 INFO Hard-negative mining 5580/8000 S1; 72540 extra negatives
2026-09-26 18:57:24,966 INFO Hard-negative mining 5640/8000 S1; 73320 extra negatives
2026-09-26 18:57:32,310 INFO Hard-negative mining 5700/8000 S1; 74100 extra negatives
2026-09-26 18:57:39,201 INFO Hard-negative mining 5760/8000 S1; 74880 extra negatives
2026-09-26 18:57:46,743 INFO Hard-negative mining 5820/8000 S1; 75660 extra negatives
2026-09-26 18:57:53,895 INFO Hard-negative mining 5880/8000 S1; 76440 extra negatives
2026-09-26 18:58:00,865 INFO Hard-negative mining 5940/8000 S1; 77220 extra negatives
2026-09-26 18:58:07,937 INFO Hard-negative mining 6000/8000 S1; 78000 extra negatives
2026-09-26 18:58:14,362 INFO Hard-negative mining 6060/8000 S1; 78780 extra negatives
2026-09-26 18:58:21,774 INFO Hard-negative mining 6120/8000 S1; 79560 extra negatives
2026-09-26 18:58:29,242 INFO Hard-negative mining 6180/8000 S1; 80340 extra negatives
2026-09-26 18:58:36,359 INFO Hard-negative mining 6240/8000 S1; 81120 extra negatives
2026-09-26 18:58:43,266 INFO Hard-negative mining 6300/8000 S1; 81900 extra negatives
2026-09-26 18:58:50,070 INFO Hard-negative mining 6360/8000 S1; 82680 extra negatives
2026-09-26 18:58:57,164 INFO Hard-negative mining 6420/8000 S1; 83460 extra negatives
2026-09-26 18:59:03,924 INFO Hard-negative mining 6480/8000 S1; 84240 extra negatives
2026-09-26 18:59:11,488 INFO Hard-negative mining 6540/8000 S1; 85020 extra negatives
2026-09-26 18:59:19,055 INFO Hard-negative mining 6600/8000 S1; 85800 extra negatives
2026-09-26 18:59:26,954 INFO Hard-negative mining 6660/8000 S1; 86580 extra negatives
2026-09-26 18:59:33,416 INFO Hard-negative mining 6720/8000 S1; 87360 extra negatives
2026-09-26 18:59:40,053 INFO Hard-negative mining 6780/8000 S1; 88140 extra negatives
2026-09-26 18:59:46,919 INFO Hard-negative mining 6840/8000 S1; 88920 extra negatives
2026-09-26 18:59:53,666 INFO Hard-negative mining 6900/8000 S1; 89700 extra negatives
2026-09-26 19:00:00,263 INFO Hard-negative mining 6960/8000 S1; 90480 extra negatives
2026-09-26 19:00:07,309 INFO Hard-negative mining 7020/8000 S1; 91260 extra negatives
2026-09-26 19:00:14,645 INFO Hard-negative mining 7080/8000 S1; 92040 extra negatives
2026-09-26 19:00:22,278 INFO Hard-negative mining 7140/8000 S1; 92820 extra negatives
2026-09-26 19:00:29,101 INFO Hard-negative mining 7200/8000 S1; 93600 extra negatives
2026-09-26 19:00:36,896 INFO Hard-negative mining 7260/8000 S1; 94380 extra negatives
2026-09-26 19:00:44,123 INFO Hard-negative mining 7320/8000 S1; 95160 extra negatives
2026-09-26 19:00:53,386 INFO Hard-negative mining 7380/8000 S1; 95940 extra negatives
2026-09-26 19:00:59,897 INFO Hard-negative mining 7440/8000 S1; 96720 extra negatives
2026-09-26 19:01:06,921 INFO Hard-negative mining 7500/8000 S1; 97500 extra negatives
2026-09-26 19:01:13,755 INFO Hard-negative mining 7560/8000 S1; 98280 extra negatives
2026-09-26 19:01:20,616 INFO Hard-negative mining 7620/8000 S1; 99060 extra negatives
2026-09-26 19:01:27,375 INFO Hard-negative mining 7680/8000 S1; 99840 extra negatives
2026-09-26 19:01:34,188 INFO Hard-negative mining 7740/8000 S1; 100620 extra negatives
2026-09-26 19:01:41,228 INFO Hard-negative mining 7800/8000 S1; 101400 extra negatives
2026-09-26 19:01:47,843 INFO Hard-negative mining 7860/8000 S1; 102180 extra negatives
2026-09-26 19:01:55,088 INFO Hard-negative mining 7920/8000 S1; 102960 extra negatives
2026-09-26 19:02:01,988 INFO Hard-negative mining 7980/8000 S1; 103740 extra negatives
2026-09-26 19:02:04,129 INFO Hard-negative mining 8000/8000 S1; 104000 extra negatives
2026-09-26 19:02:04,143 INFO Mined 104000 difficult negatives
2026-09-26 19:02:04,338 INFO Training V8 precision-oriented model
2026-09-26 19:02:09,621 INFO Training V8 recall-oriented model
2026-09-26 19:02:16,636 INFO Scoring validation for both models
2026-09-26 19:02:24,864 INFO Validation scoring 75/2000
2026-09-26 19:03:05,753 INFO Validation scoring 450/2000
2026-09-26 19:03:46,003 INFO Validation scoring 825/2000
2026-09-26 19:04:26,696 INFO Validation scoring 1200/2000
2026-09-26 19:05:06,719 INFO Validation scoring 1575/2000
2026-09-26 19:05:47,321 INFO Validation scoring 1950/2000
2026-09-26 19:06:00,996 INFO Validation scoring 75/2000
2026-09-26 19:06:41,673 INFO Validation scoring 450/2000
2026-09-26 19:07:21,696 INFO Validation scoring 825/2000
2026-09-26 19:08:02,202 INFO Validation scoring 1200/2000
2026-09-26 19:08:42,267 INFO Validation scoring 1575/2000
2026-09-26 19:09:22,762 INFO Validation scoring 1950/2000
2026-09-26 19:09:30,665 INFO Candidate precision  tune 0.94436 heldout 0.93721 threshold 0.625
2026-09-26 19:09:32,573 INFO Candidate recall     tune 0.94394 heldout 0.93828 threshold 0.685
2026-09-26 19:09:34,798 INFO Candidate blend_25   tune 0.94381 heldout 0.93763 threshold 0.660
2026-09-26 19:09:36,571 INFO Candidate blend_50   tune 0.94445 heldout 0.93726 threshold 0.620
2026-09-26 19:09:38,330 INFO Candidate blend_75   tune 0.94442 heldout 0.93652 threshold 0.675
2026-09-26 19:09:47,179 INFO Validation scoring 75/2000
2026-09-26 19:10:27,822 INFO Validation scoring 450/2000
2026-09-26 19:11:07,789 INFO Validation scoring 825/2000
2026-09-26 19:11:48,192 INFO Validation scoring 1200/2000
2026-09-26 19:12:28,429 INFO Validation scoring 1575/2000
2026-09-26 19:13:08,939 INFO Validation scoring 1950/2000
2026-09-26 19:13:16,129 INFO Existing V7 tune 0.94410 heldout 0.93701
2026-09-26 19:13:16,154 INFO SELECTED blend_50 using tuning subset ONLY
2026-09-26 19:13:16,446 INFO V8 HELD-OUT F0.5 0.93726; partly-tuned full 0.94085
2026-09-26 19:13:16,446 INFO Saved models and metadata. Training completed successfully.
